[thepuppetshow.co.za/index.html]
[backblue.gif]
[fade.gif]
[index.html]
[s0.wp.com/wp-content/plugins/custom-fonts/js/webfont.js]
[thepuppetshow.co.za/feed/index.html]
[thepuppetshow.co.za/wordpress_test_cookie=test; path=/index.html]
[s2.wp.com/wp-content/mu-plugins/global-print/global-printa1cf.css]
[s0.wp.com/wp-content/mu-plugins/highlander-comments/style6f5b.css]
[thepuppetshow.co.za/home/feed/index.html]
[thepuppetshow.co.za/comments/feed/index.html]
[thepuppetshow.co.za/osd.xml]
[thepuppetshowza.files.wordpress.com/2018/07/cropped-favicon-512x51276ca.png]
[thepuppetshowza.files.wordpress.com/2018/07/cropped-favicon-512x5129939.png]
[thepuppetshowza.files.wordpress.com/2018/07/cropped-favicon-512x512ad83.png]
[thepuppetshowza.files.wordpress.com/2018/07/logo_transparent_background7dc2.png]
[thepuppetshow.co.za/contact-us/index.html]
[i2.wp.com/www.jozikids.co.za/images/jzk_button_100x100.png]
[0.gravatar.com/js/gprofilesa9d3.js]
[thepuppetshow.co.za/home/shows/index.html]
[thepuppetshow.co.za/gallery/index.html]
[s1.wp.com/wp-content/mu-plugins/gravatar-hovercards/wpgrohoc3b6.js]
[s0.wp.com/wp-content/mu-plugins/carousel/jetpack-carousel1e46.css]
[s2.wp.com/_static/indexbaad.html]
[stats.wp.com/w9f61.js]
[thepuppetshow.co.za/wp-content/plugins/ie-sitemode/custom-jumplist.php]
[pixel.wp.com/b0b80.gif]
[thepuppetshow.co.za/index.html]
[thepuppetshow.co.za/xmlrpc.php]
[s0.wp.com/wp-content/plugins/custom-fonts/js/webfont.js]
[thepuppetshow.co.za/wordpress_test_cookie=test; path=/index.html]
[s2.wp.com/wp-content/mu-plugins/global-print/global-printa1cf.css]
[s0.wp.com/wp-content/mu-plugins/highlander-comments/images/postto-buttons.png]
[s0.wp.com/wp-content/mu-plugins/highlander-comments/images/button-back.gif]
[s0.wp.com/wp-content/mu-plugins/highlander-comments/images/button-back-over.gif]
[s0.wp.com/wp-content/mu-plugins/highlander-comments/images/loader.gif]
[s0.wp.com/wp-content/mu-plugins/highlander-comments/style6f5b.css]
[thepuppetshow.co.za/contact-us/index.html]
[thepuppetshow.co.za/home/shows/index.html]
[videos.files.wordpress.com/59ilHmXl/here-comes-the-circus-blurp_dvd.original.jpg]
[thepuppetshow.co.za/contact-us/wordpress_test_cookie=test; path=/index.html]
[thepuppetshow.co.za/contact-us/feed/index.html]
[thepuppetshow.co.za/home/shows/wordpress_test_cookie=test; path=/index.html]
[videos.files.wordpress.com/59ilHmXl/here-comes-the-circus-blurp_dvd.original10d1.jpg]
[thepuppetshow.co.za/home/shows/feed/index.html]
[thepuppetshow.co.za/mess-monsters/index.html]
[thepuppetshow.co.za/the-circus-is-here/index.html]
[videos.files.wordpress.com/SvauqC1V/mess-monster-blurp-1_dvd.original.jpg]
[thepuppetshow.co.za/sharing-a-shell/index.html]
[thepuppetshow.co.za/the-green-witch-and-the-golden-apple/index.html]
[thepuppetshow.co.za/gallery/wordpress_test_cookie=test; path=/index.html]
[videos.files.wordpress.com/SvauqC1V/mess-monster-blurp-1_dvd.original10d1.jpg]
[thepuppetshow.co.za/gallery/feed/index.html]
[thepuppetshowza.files.wordpress.com/2015/08/img-20130727-00117.jpg]
[thepuppetshowza.files.wordpress.com/2015/08/img-20130727-00117423a.jpg]
[thepuppetshowza.files.wordpress.com/2015/08/randburg-20130727-001151.jpg]
[thepuppetshowza.files.wordpress.com/2015/08/randburg-20130727-001151423a.jpg]
[thepuppetshowza.files.wordpress.com/2015/08/img-20131123-00226423a.jpg]
[thepuppetshowza.files.wordpress.com/2015/08/img-20140314-wa003.jpg]
[thepuppetshowza.files.wordpress.com/2015/08/img-20140314-wa003423a.jpg]
[thepuppetshowza.files.wordpress.com/2015/08/img-20140314-wa000.jpg]
[thepuppetshowza.files.wordpress.com/2015/08/img-20140314-wa000423a.jpg]
[thepuppetshowza.files.wordpress.com/2015/08/img-20140314-wa001.jpg]
[thepuppetshowza.files.wordpress.com/2015/08/img-20140314-wa001a2e5.jpg]
[thepuppetshowza.files.wordpress.com/2015/08/img00405-20120902-1331.jpg]
[thepuppetshowza.files.wordpress.com/2015/08/img00405-20120902-1331a2e5.jpg]
[thepuppetshowza.files.wordpress.com/2015/08/img00403-20120902-1328.jpg]
[thepuppetshowza.files.wordpress.com/2015/08/img00403-20120902-1328423a.jpg]
[thepuppetshowza.files.wordpress.com/2015/08/img00406-20120902-1332.jpg]
[thepuppetshowza.files.wordpress.com/2015/08/img00406-20120902-1332423a.jpg]
[thepuppetshowza.files.wordpress.com/2015/08/imgp2178.jpg]
[thepuppetshowza.files.wordpress.com/2015/08/imgp2178423a.jpg]
[thepuppetshowza.files.wordpress.com/2015/08/imgp2175.jpg]
[thepuppetshowza.files.wordpress.com/2015/08/imgp2175423a.jpg]
[thepuppetshowza.files.wordpress.com/2015/08/imgp2174.jpg]
[thepuppetshowza.files.wordpress.com/2015/08/imgp2174423a.jpg]
[thepuppetshowza.files.wordpress.com/2015/08/imgp2176.jpg]
[thepuppetshowza.files.wordpress.com/2015/08/imgp2176423a.jpg]
[thepuppetshowza.files.wordpress.com/2015/08/imgp2241.jpg]
[thepuppetshowza.files.wordpress.com/2015/08/imgp2241423a.jpg]
[thepuppetshowza.files.wordpress.com/2015/08/imgp2246.jpg]
[thepuppetshowza.files.wordpress.com/2015/08/imgp2246423a.jpg]
[thepuppetshowza.files.wordpress.com/2015/08/imgp2251.jpg]
[thepuppetshowza.files.wordpress.com/2015/08/imgp2251423a.jpg]
[thepuppetshowza.files.wordpress.com/2015/08/imgp2254.jpg]
[thepuppetshowza.files.wordpress.com/2015/08/imgp2254423a.jpg]
[thepuppetshowza.files.wordpress.com/2015/08/imgp2279.jpg]
[thepuppetshowza.files.wordpress.com/2015/08/imgp2279423a.jpg]
[thepuppetshowza.files.wordpress.com/2015/08/wp_20140118_012-copy.jpg]
[thepuppetshowza.files.wordpress.com/2015/08/wp_20140118_012-copyecfa.jpg]
[thepuppetshowza.files.wordpress.com/2015/08/wp_20140118_011-copy.jpg]
[thepuppetshowza.files.wordpress.com/2015/08/wp_20140118_011-copyecfa.jpg]
[thepuppetshowza.files.wordpress.com/2015/08/img00428-20121115-1716.jpg]
[thepuppetshowza.files.wordpress.com/2015/08/img00428-20121115-1716423a.jpg]
[thepuppetshowza.files.wordpress.com/2015/08/img00429-20121115-1717.jpg]
[thepuppetshowza.files.wordpress.com/2015/08/img00429-20121115-1717423a.jpg]
[thepuppetshowza.files.wordpress.com/2015/08/img00430-20121115-1718.jpg]
[thepuppetshowza.files.wordpress.com/2015/08/img00430-20121115-1718423a.jpg]
[thepuppetshowza.files.wordpress.com/2015/08/randburg-20140313-00014.jpg]
[thepuppetshowza.files.wordpress.com/2015/08/randburg-20140313-00014423a.jpg]
[thepuppetshowza.files.wordpress.com/2015/08/randburg-20140313-00015.jpg]
[thepuppetshowza.files.wordpress.com/2015/08/randburg-20140313-00015423a.jpg]
[videos.files.wordpress.com/Wuwf3hnu/the-green-witch-and-the-golden-apple-trailer_dvd.original.jpg]
[videos.files.wordpress.com/Wuwf3hnu/the-green-witch-and-the-golden-apple-trailer_dvd.original10d1.jpg]
[thepuppetshow.co.za/gallery/index.html]
[thepuppetshow.co.za/shows/index.html]
[thepuppetshow.co.za/index9a7b.html]
[thepuppetshow.co.za/index5a58.html]
[thepuppetshow.co.za/index386f.html]
[pixel.wp.com/g9818.gif]
[0.gravatar.com/js/gprofilesa9d3.js]
[s1.wp.com/wp-content/mu-plugins/gravatar-hovercards/wpgrohoc3b6.js]
[thepuppetshow.co.za/ABCDEFGHIJKLMNOPQRSTUVWXYZabcdefghijklmnopqrstuvwxyz0123456789+/index.html]
[s2.wp.com/_static/indexbaad.html]
[s0.wp.com/wp-content/mu-plugins/carousel/images/arrows.png]
[s0.wp.com/wp-content/mu-plugins/carousel/images/arrows-2x.png]
[s0.wp.com/wp-content/mu-plugins/carousel/images/carousel-spritee4da.png]
[s0.wp.com/wp-content/mu-plugins/carousel/images/carousel-sprite-2xe4da.png]
[s0.wp.com/wp-content/mu-plugins/carousel/jetpack-carousel1e46.css]
[thepuppetshow.co.za/g.gif]
[thepuppetshow.co.za/c.gif]
[pixel.wp.com/t.gif]
[stats.wp.com/w9f61.js]
[thepuppetshow.co.za/contact-us/wordpress_test_cookie=test; path=/index.html]
[thepuppetshow.co.za/contact-us/index9a7b.html]
[thepuppetshow.co.za/contact-us/index5a58.html]
[thepuppetshow.co.za/contact-us/index386f.html]
[thepuppetshow.co.za/home/shows/wordpress_test_cookie=test; path=/index.html]
[thepuppetshow.co.za/mess-monsters/wordpress_test_cookie=test; path=/index.html]
[thepuppetshow.co.za/mess-monsters/feed/index.html]
[thepuppetshowza.files.wordpress.com/2014/12/mess-monster-and-zorro.jpg]
[thepuppetshowza.files.wordpress.com/2014/12/mess-monster-and-zorro423a.jpg]
[videos.files.wordpress.com/yeA19v0k/mess-monsters-trailer_dvd.original.jpg]
[videos.files.wordpress.com/yeA19v0k/mess-monsters-trailer_dvd.original10d1.jpg]
[thepuppetshow.co.za/mess-monsters/index.html]
[s0.wp.com/wp-content/mu-plugins/grunion-contact-form/css/grunionc7f8.css]
[thepuppetshow.co.za/the-circus-is-here/wordpress_test_cookie=test; path=/index.html]
[thepuppetshow.co.za/the-circus-is-here/feed/index.html]
[thepuppetshowza.files.wordpress.com/2014/12/dsc_0202.jpg]
[thepuppetshowza.files.wordpress.com/2014/12/dsc_02026286.jpg]
[thepuppetshowza.files.wordpress.com/2015/08/dsc_0191.jpg]
[thepuppetshowza.files.wordpress.com/2015/08/dsc_01918432.jpg]
[thepuppetshowza.files.wordpress.com/2015/08/dsc_0180.jpg]
[thepuppetshowza.files.wordpress.com/2015/08/dsc_0180e19e.jpg]
[thepuppetshowza.files.wordpress.com/2015/08/dsc_0176.jpg]
[thepuppetshowza.files.wordpress.com/2015/08/dsc_017627df.jpg]
[videos.files.wordpress.com/fehPzhPp/here-comes-the-circus-trailer_dvd.original.jpg]
[videos.files.wordpress.com/fehPzhPp/here-comes-the-circus-trailer_dvd.original10d1.jpg]
[thepuppetshow.co.za/the-circus-is-here/index.html]
[thepuppetshow.co.za/sharing-a-shell/wordpress_test_cookie=test; path=/index.html]
[thepuppetshow.co.za/sharing-a-shell/feed/index.html]
[thepuppetshowza.files.wordpress.com/2015/08/crab-and-fish.jpg]
[thepuppetshowza.files.wordpress.com/2015/08/crab-and-fish3fe4.jpg]
[thepuppetshowza.files.wordpress.com/2015/08/anenome-pic.jpg]
[thepuppetshowza.files.wordpress.com/2015/08/anenome-pic9a48.jpg]
[thepuppetshowza.files.wordpress.com/2015/08/bristle-worm-pic.jpg]
[thepuppetshowza.files.wordpress.com/2015/08/bristle-worm-pic0bf6.jpg]
[thepuppetshow.co.za/sharing-a-shell/index.html]
[thepuppetshow.co.za/the-green-witch-and-the-golden-apple/wordpress_test_cookie=test; path=/index.html]
[thepuppetshow.co.za/the-green-witch-and-the-golden-apple/feed/index.html]
[thepuppetshowza.files.wordpress.com/2014/12/mg_3878.jpg]
[thepuppetshowza.files.wordpress.com/2014/12/mg_387820ab.jpg]
[thepuppetshowza.files.wordpress.com/2015/08/witch-and-mj-pic.jpg]
[thepuppetshowza.files.wordpress.com/2015/08/witch-and-mj-pic4657.jpg]
[thepuppetshowza.files.wordpress.com/2015/08/mom-and-pete-pirate-pic.jpg]
[thepuppetshowza.files.wordpress.com/2015/08/mom-and-pete-pirate-pice2e9.jpg]
[thepuppetshowza.files.wordpress.com/2014/12/mg_3796.jpg]
[thepuppetshowza.files.wordpress.com/2014/12/mg_37968fc9.jpg]
[videos.files.wordpress.com/GRWlRZYM/the-green-witch-and-the-golden-apple-trailer_dvd.original.jpg]
[videos.files.wordpress.com/GRWlRZYM/the-green-witch-and-the-golden-apple-trailer_dvd.original10d1.jpg]
[thepuppetshow.co.za/the-green-witch-and-the-golden-apple/index.html]
[thepuppetshow.co.za/home/shows/index9a7b.html]
[thepuppetshow.co.za/home/shows/index5a58.html]
[thepuppetshow.co.za/home/shows/index386f.html]
[thepuppetshow.co.za/gallery/wordpress_test_cookie=test; path=/index.html]
[thepuppetshow.co.za/gallery/index9a7b.html]
[thepuppetshow.co.za/gallery/index5a58.html]
[thepuppetshow.co.za/gallery/index386f.html]
[thepuppetshow.co.za/ABCDEFGHIJKLMNOPQRSTUVWXYZabcdefghijklmnopqrstuvwxyz0123456789+/index.html]
[thepuppetshow.co.za/g.html]
[thepuppetshow.co.za/c.html]
[thepuppetshow.co.za/mess-monsters/wordpress_test_cookie=test; path=/index.html]
[thepuppetshow.co.za/mess-monsters/index9a7b.html]
[thepuppetshow.co.za/mess-monsters/index5a58.html]
[thepuppetshow.co.za/mess-monsters/index386f.html]
[s0.wp.com/wp-content/mu-plugins/grunion-contact-form/css/grunionc7f8.css]
[thepuppetshow.co.za/the-circus-is-here/wordpress_test_cookie=test; path=/index.html]
[thepuppetshow.co.za/the-circus-is-here/index9a7b.html]
[thepuppetshow.co.za/the-circus-is-here/index5a58.html]
[thepuppetshow.co.za/the-circus-is-here/index386f.html]
[thepuppetshow.co.za/sharing-a-shell/wordpress_test_cookie=test; path=/index.html]
[thepuppetshow.co.za/sharing-a-shell/index9a7b.html]
[thepuppetshow.co.za/sharing-a-shell/index5a58.html]
[thepuppetshow.co.za/sharing-a-shell/index386f.html]
[thepuppetshow.co.za/the-green-witch-and-the-golden-apple/wordpress_test_cookie=test; path=/index.html]
[thepuppetshow.co.za/the-green-witch-and-the-golden-apple/index9a7b.html]
[thepuppetshow.co.za/the-green-witch-and-the-golden-apple/index5a58.html]
[thepuppetshow.co.za/the-green-witch-and-the-golden-apple/index386f.html]
